
gcd.o:     file format elf32-littlearm


Disassembly of section .text:

00000000 <gcd>:
   0:	b4f0      	push	{r4, r5, r6, r7}
   2:	2200      	movs	r2, #0
   4:	2501      	movs	r5, #1
   6:	e7ff      	b.n	8 <.loop>

00000008 <.loop>:
   8:	2301      	movs	r3, #1
   a:	2401      	movs	r4, #1
   c:	4003      	ands	r3, r0
   e:	400c      	ands	r4, r1
  10:	406b      	eors	r3, r5
  12:	406c      	eors	r4, r5
  14:	4023      	ands	r3, r4
  16:	d003      	beq.n	20 <.loop2>
  18:	1040      	asrs	r0, r0, #1
  1a:	1049      	asrs	r1, r1, #1
  1c:	3201      	adds	r2, #1
  1e:	e7f3      	b.n	8 <.loop>

00000020 <.loop2>:
  20:	4288      	cmp	r0, r1
  22:	d013      	beq.n	4c <.end>
  24:	2301      	movs	r3, #1
  26:	4003      	ands	r3, r0
  28:	406b      	eors	r3, r5
  2a:	d108      	bne.n	3e <.agreater>
  2c:	2401      	movs	r4, #1
  2e:	400c      	ands	r4, r1
  30:	406c      	eors	r4, r5
  32:	d106      	bne.n	42 <.bgreater>
  34:	4288      	cmp	r0, r1
  36:	dc06      	bgt.n	46 <.third>
  38:	1a09      	subs	r1, r1, r0
  3a:	1049      	asrs	r1, r1, #1
  3c:	e7f0      	b.n	20 <.loop2>

0000003e <.agreater>:
  3e:	1040      	asrs	r0, r0, #1
  40:	e7ee      	b.n	20 <.loop2>

00000042 <.bgreater>:
  42:	1049      	asrs	r1, r1, #1
  44:	e7ec      	b.n	20 <.loop2>

00000046 <.third>:
  46:	1a40      	subs	r0, r0, r1
  48:	1040      	asrs	r0, r0, #1
  4a:	e7e9      	b.n	20 <.loop2>

0000004c <.end>:
  4c:	4090      	lsls	r0, r2
  4e:	bcf0      	pop	{r4, r5, r6, r7}
  50:	4770      	bx	lr
